// Jest Snapshot v1, https://goo.gl/fbAQLP

exports[`TodoItem.vue renders correctly 1`] = `<li><input type="checkbox"><span class="is-complete">hello, world!</span><button>X</button> hello, world!</li>`;
